src/App.tsx(1,1): error TS6133: 'React' is declared but its value is never read.
src/data/mockCustomers.ts(1,25): error TS6196: 'Product' is declared but never used.
src/data/mockCustomers.ts(1,70): error TS6196: 'Intervention' is declared but never used.
